// Jest Snapshot v1, https://goo.gl/fbAQLP

exports[`App component renders App 1`] = `
<section
  className="Main"
>
  <BrowserRouter>
    <Switch>
      <Route
        component={[Function]}
        exact={true}
        path="/"
      />
      <Route
        component={[Function]}
        path="/leader/:num/:name/:score"
      />
      <Route
        component={[Function]}
        path="/leader/:num/"
      />
    </Switch>
  </BrowserRouter>
</section>
`;
